
          -------------------------------------------------------
          Amber 18 SANDER                              2018
          -------------------------------------------------------

| Run on 06/24/2025 at 14:31:30

|   Executable path: sander
| Working directory: /home/HasegawaLab/miyoshi/Working/PFA/test17
|          Hostname: Unknown
  [-O]verwriting output

File Assignments:
|  MDIN: FF_calc.in                                                            
| MDOUT: mono_test_2.out                                                       
|INPCRD: mono_test_2.inpcrd                                                    
|  PARM: mono_test_2.prmtop                                                    
|RESTRT: min.rst                                                               
|  REFC: mono_test_2.inpcrd                                                    
| MDVEL: mdvel                                                                 
| MDFRC: mdfrc                                                                 
|  MDEN: mden                                                                  
| MDCRD: mdcrd                                                                 
|MDINFO: mdinfo                                                                
|  MTMD: mtmd                                                                  
|INPDIP: inpdip                                                                
|RSTDIP: rstdip                                                                
|INPTRA: inptraj                                                               


 Here is the input file:

Simple energy evaluation                                                       
&cntrl                                                                         
  imin=1,       ! Do minimization mode (needed to evaluate energy)             
  maxcyc=0,     ! Do zero steps = evaluate energy only                         
  ntb=0,        ! No periodic boundary conditions                              
  cut=999.0,    ! No nonbonded cutoff (optional: set to 10.0 if needed)        
/                                                                              

--------------------------------------------------------------------------------
   1.  RESOURCE   USE: 
--------------------------------------------------------------------------------

| Flags:                                                                        
|    NONPERIODIC   ntb=0 and igb=0: Setting up nonperiodic simulation
|  *** cutoff > system size, list only builds once
|Largest sphere to fit in unit cell has radius =    30.000
| New format PARM file being parsed.
| Version =    1.000 Date = 06/24/25 Time = 14:31:29
 NATOM  =      24 NTYPES =       2 NBONH =       0 MBONA  =      26
 NTHETH =       0 MTHETA =      42 NPHIH =       0 MPHIA  =      78
 NHPARM =       0 NPARM  =       0 NNB   =     125 NRES   =       1
 NBONA  =      26 NTHETA =      42 NPHIA =      78 NUMBND =       2
 NUMANG =       2 NPTRA  =       2 NATYP =       2 NPHB   =       0
 IFBOX  =       0 NMXRS  =      24 IFCAP =       0 NEXTRA =       0
 NCOPY  =       0


|     Memory Use     Allocated
|     Real                6153
|     Hollerith             75
|     Integer            24473
|     Max Pairs            276
|     nblistReal           288
|     nblist Int        920437
|       Total             3742 kbytes

| Note: 1-4 EEL scale factors are being read from the topology file.

| Note: 1-4 VDW scale factors are being read from the topology file.
| Duplicated    0 dihedrals
| Duplicated    0 dihedrals

--------------------------------------------------------------------------------
   2.  CONTROL  DATA  FOR  THE  RUN
--------------------------------------------------------------------------------

MOL                                                                             

General flags:
     imin    =       1, nmropt  =       0

Nature and format of input:
     ntx     =       1, irest   =       0, ntrx    =       1

Nature and format of output:
     ntxo    =       2, ntpr    =      50, ntrx    =       1, ntwr    =       1
     iwrap   =       0, ntwx    =       0, ntwv    =       0, ntwe    =       0
     ioutfm  =       1, ntwprt  =       0, idecomp =       0, rbornstat=      0

Potential function:
     ntf     =       1, ntb     =       0, igb     =       0, nsnb    =      25
     ipol    =       0, gbsa    =       0, iesp    =       0
     dielc   =   1.00000, cut     = 999.00000, intdiel =   1.00000

Frozen or restrained atoms:
     ibelly  =       0, ntr     =       0

Energy minimization:
     maxcyc  =       0, ncyc    =      10, ntmin   =       1
     dx0     =   0.01000, drms    =   0.00010
|  INFO: Old style inpcrd file read


--------------------------------------------------------------------------------
   3.  ATOMIC COORDINATES AND VELOCITIES
--------------------------------------------------------------------------------

MOL                                                                             
 begin time read from input coords =     0.000 ps

 Number of triangulated 3-point waters found:        0

     Sum of charges from parm topology file =   0.00000600
     Forcing neutrality...

--------------------------------------------------------------------------------
   4.  RESULTS
--------------------------------------------------------------------------------

 ---------------------------------------------------

     eedmeth=4: Setting switch to one everywhere

 ---------------------------------------------------
| Local SIZE OF NONBOND LIST =        153
| TOTAL SIZE OF NONBOND LIST =        153


   NSTEP       ENERGY          RMS            GMAX         NAME    NUMBER
      1       4.3152E+01     1.7687E+01     4.2235E+01     C5          5

 BOND    =        5.7037  ANGLE   =        2.6474  DIHED      =        0.0000
 VDWAALS =        2.2037  EEL     =      -25.4300  HBOND      =        0.0000
 1-4 VDW =        8.6573  1-4 EEL =       49.3694  RESTRAINT  =        0.0000


  Maximum number of minimization cycles reached.


                    FINAL RESULTS



   NSTEP       ENERGY          RMS            GMAX         NAME    NUMBER
      1       4.3152E+01     1.7687E+01     4.2235E+01     C5          5

 BOND    =        5.7037  ANGLE   =        2.6474  DIHED      =        0.0000
 VDWAALS =        2.2037  EEL     =      -25.4300  HBOND      =        0.0000
 1-4 VDW =        8.6573  1-4 EEL =       49.3694  RESTRAINT  =        0.0000

--------------------------------------------------------------------------------
   5.  TIMINGS
--------------------------------------------------------------------------------

|    Read coords time           0.01 (35.44% of Total)
|    Fast Water setup           0.00 ( 0.05% of Total)
|                Build the list             0.00 (95.92% of List )
|                Other                      0.00 ( 4.08% of List )
|             List time                  0.00 (80.64% of Nonbo)
|             Ewald time                 0.00 (18.16% of Nonbo)
|             IPS excludes               0.00 ( 0.25% of Nonbo)
|             Other                      0.00 ( 0.96% of Nonbo)
|          Nonbond force              0.00 (78.39% of Force)
|          Bond/Angle/Dihedral        0.00 (19.78% of Force)
|          Other                      0.00 ( 1.83% of Force)
|       Force time                 0.00 (100.0% of Runmd)
|    Runmd Time                 0.00 ( 2.92% of Total)
|    Other                      0.01 (61.59% of Total)
| Total time                 0.02 (99.78% of ALL  )

| Number of list builds   :          1

| Highest rstack allocated:         80
| Highest istack allocated:         16
|           Job began  at 14:31:30.021  on 06/24/2025
|           Setup done at 14:31:30.038  on 06/24/2025
|           Run   done at 14:31:30.041  on 06/24/2025
|     wallclock() was called      58 times

|3D-RISM memory allocation summary
|Type          Maximum        Current   
|Integer       0.00000 GB     0.00000 GB
|Real          0.00000 GB     0.00000 GB
|Logical       0.00000 GB     0.00000 GB
|Character     0.00000 GB     0.00000 GB
|---------------------------------------
|Total         0.00000 GB     0.00000 GB
